<html>
<body>
<pre>
<h1>µVision Build Log</h1>
<h2>Tool Versions:</h2>
IDE-Version: µVision V5.31.0.0
Copyright (C) 2020 ARM Ltd and ARM Germany GmbH. All rights reserved.
License Information: Duy Long, Long Product, LIC=----
 
Tool Versions:
Toolchain:       MDK-Lite  Version: 5.31.0.0
Toolchain Path:  C:\Keil_v5\ARM\ARMCC\Bin
C Compiler:      Armcc.exe V5.06 update 6 (build 750)
Assembler:       Armasm.exe V5.06 update 6 (build 750)
Linker/Locator:  ArmLink.exe V5.06 update 6 (build 750)
Library Manager: ArmAr.exe V5.06 update 6 (build 750)
Hex Converter:   FromElf.exe V5.06 update 6 (build 750)
CPU DLL:         SARMCM3.DLL V5.31.0.0
Dialog DLL:      DCM.DLL V1.17.3.0
Target DLL:      STLink\ST-LINKIII-KEIL_SWO.dll V3.0.7.0
Dialog DLL:      TCM.DLL V1.46.0.0
 
<h2>Project:</h2>
C:\Users\ASUS\Documents\STM32\STM32Lcd\MDK-ARM\STM32Lcd.uvprojx
Project File Date:  12/16/2021

<h2>Output:</h2>
*** Using Compiler 'V5.06 update 6 (build 750)', folder: 'C:\Keil_v5\ARM\ARMCC\Bin'
Build target 'STM32Lcd'
compiling main.c...
../Core/Src/main.c(31): warning:  #188-D: enumerated type mixed with another type
  	HAL_GPIO_WritePin(GPIOD,GPIO_PIN_0,b0);
../Core/Src/main.c(32): warning:  #188-D: enumerated type mixed with another type
  	HAL_GPIO_WritePin(GPIOD,GPIO_PIN_1,b0);
../Core/Src/main.c(33): warning:  #188-D: enumerated type mixed with another type
  	HAL_GPIO_WritePin(GPIOD,GPIO_PIN_2,b0);
../Core/Src/main.c(34): warning:  #188-D: enumerated type mixed with another type
  	HAL_GPIO_WritePin(GPIOD,GPIO_PIN_3,b0);
../Core/Src/main.c(35): warning:  #188-D: enumerated type mixed with another type
  	HAL_GPIO_WritePin(GPIOD,GPIO_PIN_4,b0);
../Core/Src/main.c(36): warning:  #188-D: enumerated type mixed with another type
  	HAL_GPIO_WritePin(GPIOD,GPIO_PIN_5,b0);
../Core/Src/main.c(37): warning:  #188-D: enumerated type mixed with another type
  	HAL_GPIO_WritePin(GPIOD,GPIO_PIN_6,b0);
../Core/Src/main.c(38): warning:  #188-D: enumerated type mixed with another type
  	HAL_GPIO_WritePin(GPIOD,GPIO_PIN_7,b0);
../Core/Src/main.c(6): warning:  #550-D: variable "b1"  was set but never used
  	int b0, b1, b2, b3, b4, b5, b6, b7;
../Core/Src/main.c(6): warning:  #550-D: variable "b2"  was set but never used
  	int b0, b1, b2, b3, b4, b5, b6, b7;
../Core/Src/main.c(6): warning:  #550-D: variable "b3"  was set but never used
  	int b0, b1, b2, b3, b4, b5, b6, b7;
../Core/Src/main.c(6): warning:  #550-D: variable "b4"  was set but never used
  	int b0, b1, b2, b3, b4, b5, b6, b7;
../Core/Src/main.c(6): warning:  #550-D: variable "b5"  was set but never used
  	int b0, b1, b2, b3, b4, b5, b6, b7;
../Core/Src/main.c(6): warning:  #550-D: variable "b6"  was set but never used
  	int b0, b1, b2, b3, b4, b5, b6, b7;
../Core/Src/main.c(6): warning:  #550-D: variable "b7"  was set but never used
  	int b0, b1, b2, b3, b4, b5, b6, b7;
../Core/Src/main.c: 15 warnings, 0 errors
linking...
Program Size: Code=3416 RO-data=452 RW-data=16 ZI-data=1632  
FromELF: creating hex file...
"STM32Lcd\STM32Lcd.axf" - 0 Error(s), 15 Warning(s).

<h2>Software Packages used:</h2>

Package Vendor: ARM
                http://www.keil.com/pack/ARM.CMSIS.5.8.0.pack
                ARM.CMSIS.5.8.0
                CMSIS (Common Microcontroller Software Interface Standard)
   * Component: CORE Version: 5.5.0

Package Vendor: Keil
                http://www.keil.com/pack/Keil.STM32F4xx_DFP.2.15.0.pack
                Keil.STM32F4xx_DFP.2.15.0
                STMicroelectronics STM32F4 Series Device Support, Drivers and Examples

<h2>Collection of Component include folders:</h2>
  .\RTE\_STM32Lcd
  C:\Keil_v5\Packs\ARM\CMSIS\5.8.0\CMSIS\Core\Include
  C:\Keil_v5\Packs\Keil\STM32F4xx_DFP\2.15.0\Drivers\CMSIS\Device\ST\STM32F4xx\Include

<h2>Collection of Component Files used:</h2>

   * Component: ARM::CMSIS:CORE:5.5.0
      Include file:  CMSIS\Core\Include\tz_context.h
Build Time Elapsed:  00:00:02
</pre>
</body>
</html>
